[0.010s] Invoking command in '/home/adi/RosProjects/build/my_robot_interfaces': /usr/bin/cmake /home/adi/RosProjects/src/my_robot_interfaces -DCMAKE_INSTALL_PREFIX=/home/adi/RosProjects/install/my_robot_interfaces
[0.061s] -- The C compiler identification is GNU 11.4.0
[0.109s] -- The CXX compiler identification is GNU 11.4.0
[0.115s] -- Detecting C compiler ABI info
[0.180s] -- Detecting C compiler ABI info - done
[0.185s] -- Check for working C compiler: /usr/bin/cc - skipped
[0.185s] -- Detecting C compile features
[0.186s] -- Detecting C compile features - done
[0.188s] -- Detecting CXX compiler ABI info
[0.274s] -- Detecting CXX compiler ABI info - done
[0.281s] -- Check for working CXX compiler: /usr/bin/c++ - skipped
[0.281s] -- Detecting CXX compile features
[0.282s] -- Detecting CXX compile features - done
[0.284s] -- Found ament_cmake: 1.3.11 (/opt/ros/humble/share/ament_cmake/cmake)
[0.438s] -- Found Python3: /usr/bin/python3 (found version "3.10.12") found components: Interpreter 
[0.526s] -- Found rosidl_default_generators: 1.2.0 (/opt/ros/humble/share/rosidl_default_generators/cmake)
[0.528s] -- Using all available rosidl_typesupport_c: rosidl_typesupport_fastrtps_c;rosidl_typesupport_introspection_c
[0.533s] -- Found rosidl_adapter: 3.1.6 (/opt/ros/humble/share/rosidl_adapter/cmake)
[0.566s] -- Using all available rosidl_typesupport_cpp: rosidl_typesupport_fastrtps_cpp;rosidl_typesupport_introspection_cpp
[0.756s] Error parsing '/home/adi/RosProjects/src/my_robot_interfaces/package.xml':
[0.794s] Traceback (most recent call last):
[0.794s]   File "/usr/lib/python3/dist-packages/catkin_pkg/package.py", line 610, in parse_package_string
[0.794s]     root = dom.parseString(data)
[0.795s]   File "/usr/lib/python3.10/xml/dom/minidom.py", line 2000, in parseString
[0.795s]     return expatbuilder.parseString(string)
[0.795s]   File "/usr/lib/python3.10/xml/dom/expatbuilder.py", line 925, in parseString
[0.795s]     return builder.parseString(string)
[0.795s]   File "/usr/lib/python3.10/xml/dom/expatbuilder.py", line 223, in parseString
[0.795s]     parser.Parse(string, True)
[0.795s] xml.parsers.expat.ExpatError: mismatched tag: line 12, column 47
[0.795s] 
[0.795s] During handling of the above exception, another exception occurred:
[0.795s] 
[0.795s] Traceback (most recent call last):
[0.795s]   File "/opt/ros/humble/share/ament_cmake_core/cmake/core/package_xml_2_cmake.py", line 150, in <module>
[0.795s]     main()
[0.795s]   File "/opt/ros/humble/share/ament_cmake_core/cmake/core/package_xml_2_cmake.py", line 53, in main
[0.795s]     raise e
[0.795s]   File "/opt/ros/humble/share/ament_cmake_core/cmake/core/package_xml_2_cmake.py", line 49, in main
[0.795s]     package = parse_package_string(
[0.795s]   File "/usr/lib/python3/dist-packages/catkin_pkg/package.py", line 612, in parse_package_string
[0.795s]     raise InvalidPackage('The manifest contains invalid XML:\n%s' % ex, filename)
[0.795s] catkin_pkg.package.InvalidPackage: Error(s) in package '/home/adi/RosProjects/src/my_robot_interfaces/package.xml':
[0.795s] The manifest contains invalid XML:
[0.796s] mismatched tag: line 12, column 47
[0.808s] [31mCMake Error at /opt/ros/humble/share/ament_cmake_core/cmake/core/ament_package_xml.cmake:95 (message):
[0.808s]   execute_process(/usr/bin/python3
[0.809s]   /opt/ros/humble/share/ament_cmake_core/cmake/core/package_xml_2_cmake.py
[0.809s]   /home/adi/RosProjects/src/my_robot_interfaces/package.xml
[0.809s]   /home/adi/RosProjects/build/my_robot_interfaces/ament_cmake_core/package.cmake)
[0.809s]   returned error code 1
[0.809s] Call Stack (most recent call first):
[0.809s]   /opt/ros/humble/share/ament_cmake_core/cmake/core/ament_package_xml.cmake:49 (_ament_package_xml)
[0.809s]   /opt/ros/humble/share/rosidl_cmake/cmake/rosidl_generate_interfaces.cmake:226 (ament_package_xml)
[0.809s]   CMakeLists.txt:11 (rosidl_generate_interfaces)
[0.809s] 
[0.809s] [0m
[0.809s] -- Configuring incomplete, errors occurred!
[0.809s] See also "/home/adi/RosProjects/build/my_robot_interfaces/CMakeFiles/CMakeOutput.log".
[0.814s] Invoked command in '/home/adi/RosProjects/build/my_robot_interfaces' returned '1': /usr/bin/cmake /home/adi/RosProjects/src/my_robot_interfaces -DCMAKE_INSTALL_PREFIX=/home/adi/RosProjects/install/my_robot_interfaces
