[0.000000] (-) TimerEvent: {}
[0.000361] (-) JobUnselected: {'identifier': 'my_py_pkg'}
[0.000414] (my_robot_interfaces) JobQueued: {'identifier': 'my_robot_interfaces', 'dependencies': OrderedDict()}
[0.000433] (my_robot_interfaces) JobStarted: {'identifier': 'my_robot_interfaces'}
[0.008293] (my_robot_interfaces) JobProgress: {'identifier': 'my_robot_interfaces', 'progress': 'cmake'}
[0.008828] (my_robot_interfaces) Command: {'cmd': ['/usr/bin/cmake', '/home/adi/RosProjects/src/my_robot_interfaces', '-DCMAKE_INSTALL_PREFIX=/home/adi/RosProjects/install/my_robot_interfaces'], 'cwd': '/home/adi/RosProjects/build/my_robot_interfaces', 'env': OrderedDict([('GJS_DEBUG_TOPICS', 'JS ERROR;JS LOG'), ('LESSOPEN', '| /usr/bin/lesspipe %s'), ('LANGUAGE', 'en_IN:en'), ('USER', 'adi'), ('XDG_SESSION_TYPE', 'wayland'), ('SHLVL', '1'), ('LD_LIBRARY_PATH', '/opt/ros/humble/opt/rviz_ogre_vendor/lib:/opt/ros/humble/lib/x86_64-linux-gnu:/opt/ros/humble/lib'), ('HOME', '/home/adi'), ('OLDPWD', '/home/adi/RosProjects/src/my_robot_interfaces'), ('DESKTOP_SESSION', 'ubuntu'), ('GIO_LAUNCHED_DESKTOP_FILE', '/usr/share/applications/terminator.desktop'), ('ROS_PYTHON_VERSION', '3'), ('GNOME_SHELL_SESSION_MODE', 'ubuntu'), ('GTK_MODULES', 'gail:atk-bridge'), ('MANAGERPID', '1124'), ('SYSTEMD_EXEC_PID', '1331'), ('DBUS_SESSION_BUS_ADDRESS', 'unix:path=/run/user/1000/bus'), ('COLORTERM', 'truecolor'), ('TERMINATOR_DBUS_NAME', 'net.tenshu.Terminator25ef4b219e3b005583550f2b0f9f990c3'), ('GIO_LAUNCHED_DESKTOP_FILE_PID', '3072'), ('IM_CONFIG_PHASE', '1'), ('WAYLAND_DISPLAY', 'wayland-0'), ('COLCON_PREFIX_PATH', '/home/adi/RosProjects/install'), ('ROS_DISTRO', 'humble'), ('LOGNAME', 'adi'), ('JOURNAL_STREAM', '8:10491'), ('_', '/usr/bin/colcon'), ('ROS_VERSION', '2'), ('XDG_SESSION_CLASS', 'user'), ('USERNAME', 'adi'), ('TERM', 'xterm-256color'), ('GNOME_DESKTOP_SESSION_ID', 'this-is-deprecated'), ('ROS_LOCALHOST_ONLY', '0'), ('PATH', '/opt/ros/humble/bin:/usr/local/sbin:/usr/local/bin:/usr/sbin:/usr/bin:/sbin:/bin:/usr/games:/usr/local/games:/snap/bin:/snap/bin'), ('SESSION_MANAGER', 'local/adi-VirtualBox:@/tmp/.ICE-unix/1296,unix/adi-VirtualBox:/tmp/.ICE-unix/1296'), ('INVOCATION_ID', 'e102c47069ad401b98102c50f4780b23'), ('XDG_MENU_PREFIX', 'gnome-'), ('GNOME_SETUP_DISPLAY', ':1'), ('XDG_RUNTIME_DIR', '/run/user/1000'), ('DISPLAY', ':0'), ('TERMINATOR_DBUS_PATH', '/net/tenshu/Terminator2'), ('LANG', 'en_US.UTF-8'), ('XDG_CURRENT_DESKTOP', 'ubuntu:GNOME'), ('IBUS_DISABLE_SNOOPER', '1'), ('XMODIFIERS', '@im=ibus'), ('XDG_SESSION_DESKTOP', 'ubuntu'), ('XAUTHORITY', '/run/user/1000/.mutter-Xwaylandauth.LCUMA3'), ('LS_COLORS', 'rs=0:di=01;34:ln=01;36:mh=00:pi=40;33:so=01;35:do=01;35:bd=40;33;01:cd=40;33;01:or=40;31;01:mi=00:su=37;41:sg=30;43:ca=30;41:tw=30;42:ow=34;42:st=37;44:ex=01;32:*.tar=01;31:*.tgz=01;31:*.arc=01;31:*.arj=01;31:*.taz=01;31:*.lha=01;31:*.lz4=01;31:*.lzh=01;31:*.lzma=01;31:*.tlz=01;31:*.txz=01;31:*.tzo=01;31:*.t7z=01;31:*.zip=01;31:*.z=01;31:*.dz=01;31:*.gz=01;31:*.lrz=01;31:*.lz=01;31:*.lzo=01;31:*.xz=01;31:*.zst=01;31:*.tzst=01;31:*.bz2=01;31:*.bz=01;31:*.tbz=01;31:*.tbz2=01;31:*.tz=01;31:*.deb=01;31:*.rpm=01;31:*.jar=01;31:*.war=01;31:*.ear=01;31:*.sar=01;31:*.rar=01;31:*.alz=01;31:*.ace=01;31:*.zoo=01;31:*.cpio=01;31:*.7z=01;31:*.rz=01;31:*.cab=01;31:*.wim=01;31:*.swm=01;31:*.dwm=01;31:*.esd=01;31:*.jpg=01;35:*.jpeg=01;35:*.mjpg=01;35:*.mjpeg=01;35:*.gif=01;35:*.bmp=01;35:*.pbm=01;35:*.pgm=01;35:*.ppm=01;35:*.tga=01;35:*.xbm=01;35:*.xpm=01;35:*.tif=01;35:*.tiff=01;35:*.png=01;35:*.svg=01;35:*.svgz=01;35:*.mng=01;35:*.pcx=01;35:*.mov=01;35:*.mpg=01;35:*.mpeg=01;35:*.m2v=01;35:*.mkv=01;35:*.webm=01;35:*.webp=01;35:*.ogm=01;35:*.mp4=01;35:*.m4v=01;35:*.mp4v=01;35:*.vob=01;35:*.qt=01;35:*.nuv=01;35:*.wmv=01;35:*.asf=01;35:*.rm=01;35:*.rmvb=01;35:*.flc=01;35:*.avi=01;35:*.fli=01;35:*.flv=01;35:*.gl=01;35:*.dl=01;35:*.xcf=01;35:*.xwd=01;35:*.yuv=01;35:*.cgm=01;35:*.emf=01;35:*.ogv=01;35:*.ogx=01;35:*.aac=00;36:*.au=00;36:*.flac=00;36:*.m4a=00;36:*.mid=00;36:*.midi=00;36:*.mka=00;36:*.mp3=00;36:*.mpc=00;36:*.ogg=00;36:*.ra=00;36:*.wav=00;36:*.oga=00;36:*.opus=00;36:*.spx=00;36:*.xspf=00;36:'), ('SSH_AGENT_LAUNCHER', 'gnome-keyring'), ('SSH_AUTH_SOCK', '/run/user/1000/keyring/ssh'), ('AMENT_PREFIX_PATH', '/home/adi/RosProjects/install/my_py_pkg:/opt/ros/humble'), ('SHELL', '/bin/bash'), ('TERMINATOR_UUID', 'urn:uuid:def32a4d-5003-4374-9d8d-8ae467ee8fbd'), ('QT_ACCESSIBILITY', '1'), ('GDMSESSION', 'ubuntu'), ('LESSCLOSE', '/usr/bin/lesspipe %s %s'), ('GJS_DEBUG_OUTPUT', 'stderr'), ('QT_IM_MODULE', 'ibus'), ('PWD', '/home/adi/RosProjects/build/my_robot_interfaces'), ('LC_ALL', 'en_US.UTF-8'), ('XDG_CONFIG_DIRS', '/etc/xdg/xdg-ubuntu:/etc/xdg'), ('XDG_DATA_DIRS', '/usr/share/ubuntu:/usr/local/share/:/usr/share/:/var/lib/snapd/desktop'), ('PYTHONPATH', '/home/adi/RosProjects/install/my_py_pkg/lib/python3.10/site-packages:/opt/ros/humble/lib/python3.10/site-packages:/opt/ros/humble/local/lib/python3.10/dist-packages'), ('COLCON', '1'), ('VTE_VERSION', '6800')]), 'shell': False}
[0.061663] (my_robot_interfaces) StdoutLine: {'line': b'-- The C compiler identification is GNU 11.4.0\n'}
[0.100159] (-) TimerEvent: {}
[0.109230] (my_robot_interfaces) StdoutLine: {'line': b'-- The CXX compiler identification is GNU 11.4.0\n'}
[0.115731] (my_robot_interfaces) StdoutLine: {'line': b'-- Detecting C compiler ABI info\n'}
[0.180420] (my_robot_interfaces) StdoutLine: {'line': b'-- Detecting C compiler ABI info - done\n'}
[0.185411] (my_robot_interfaces) StdoutLine: {'line': b'-- Check for working C compiler: /usr/bin/cc - skipped\n'}
[0.185628] (my_robot_interfaces) StdoutLine: {'line': b'-- Detecting C compile features\n'}
[0.186051] (my_robot_interfaces) StdoutLine: {'line': b'-- Detecting C compile features - done\n'}
[0.188518] (my_robot_interfaces) StdoutLine: {'line': b'-- Detecting CXX compiler ABI info\n'}
[0.200557] (-) TimerEvent: {}
[0.274187] (my_robot_interfaces) StdoutLine: {'line': b'-- Detecting CXX compiler ABI info - done\n'}
[0.281151] (my_robot_interfaces) StdoutLine: {'line': b'-- Check for working CXX compiler: /usr/bin/c++ - skipped\n'}
[0.281327] (my_robot_interfaces) StdoutLine: {'line': b'-- Detecting CXX compile features\n'}
[0.282479] (my_robot_interfaces) StdoutLine: {'line': b'-- Detecting CXX compile features - done\n'}
[0.284094] (my_robot_interfaces) StdoutLine: {'line': b'-- Found ament_cmake: 1.3.11 (/opt/ros/humble/share/ament_cmake/cmake)\n'}
[0.301327] (-) TimerEvent: {}
[0.401625] (-) TimerEvent: {}
[0.437917] (my_robot_interfaces) StdoutLine: {'line': b'-- Found Python3: /usr/bin/python3 (found version "3.10.12") found components: Interpreter \n'}
[0.502802] (-) TimerEvent: {}
[0.525986] (my_robot_interfaces) StdoutLine: {'line': b'-- Found rosidl_default_generators: 1.2.0 (/opt/ros/humble/share/rosidl_default_generators/cmake)\n'}
[0.528211] (my_robot_interfaces) StdoutLine: {'line': b'-- Using all available rosidl_typesupport_c: rosidl_typesupport_fastrtps_c;rosidl_typesupport_introspection_c\n'}
[0.533161] (my_robot_interfaces) StdoutLine: {'line': b'-- Found rosidl_adapter: 3.1.6 (/opt/ros/humble/share/rosidl_adapter/cmake)\n'}
[0.566429] (my_robot_interfaces) StdoutLine: {'line': b'-- Using all available rosidl_typesupport_cpp: rosidl_typesupport_fastrtps_cpp;rosidl_typesupport_introspection_cpp\n'}
[0.602509] (-) TimerEvent: {}
[0.704070] (-) TimerEvent: {}
[0.756114] (my_robot_interfaces) StderrLine: {'line': b"Error parsing '/home/adi/RosProjects/src/my_robot_interfaces/package.xml':\n"}
[0.794585] (my_robot_interfaces) StderrLine: {'line': b'Traceback (most recent call last):\n'}
[0.794713] (my_robot_interfaces) StderrLine: {'line': b'  File "/usr/lib/python3/dist-packages/catkin_pkg/package.py", line 610, in parse_package_string\n'}
[0.794803] (my_robot_interfaces) StderrLine: {'line': b'    root = dom.parseString(data)\n'}
[0.794987] (my_robot_interfaces) StderrLine: {'line': b'  File "/usr/lib/python3.10/xml/dom/minidom.py", line 2000, in parseString\n'}
[0.795044] (my_robot_interfaces) StderrLine: {'line': b'    return expatbuilder.parseString(string)\n'}
[0.795087] (my_robot_interfaces) StderrLine: {'line': b'  File "/usr/lib/python3.10/xml/dom/expatbuilder.py", line 925, in parseString\n'}
[0.795225] (my_robot_interfaces) StderrLine: {'line': b'    return builder.parseString(string)\n'}
[0.795268] (my_robot_interfaces) StderrLine: {'line': b'  File "/usr/lib/python3.10/xml/dom/expatbuilder.py", line 223, in parseString\n'}
[0.795309] (my_robot_interfaces) StderrLine: {'line': b'    parser.Parse(string, True)\n'}
[0.795348] (my_robot_interfaces) StderrLine: {'line': b'xml.parsers.expat.ExpatError: mismatched tag: line 12, column 47\n'}
[0.795388] (my_robot_interfaces) StderrLine: {'line': b'\n'}
[0.795427] (my_robot_interfaces) StderrLine: {'line': b'During handling of the above exception, another exception occurred:\n'}
[0.795467] (my_robot_interfaces) StderrLine: {'line': b'\n'}
[0.795507] (my_robot_interfaces) StderrLine: {'line': b'Traceback (most recent call last):\n'}
[0.795546] (my_robot_interfaces) StderrLine: {'line': b'  File "/opt/ros/humble/share/ament_cmake_core/cmake/core/package_xml_2_cmake.py", line 150, in <module>\n'}
[0.795585] (my_robot_interfaces) StderrLine: {'line': b'    main()\n'}
[0.795624] (my_robot_interfaces) StderrLine: {'line': b'  File "/opt/ros/humble/share/ament_cmake_core/cmake/core/package_xml_2_cmake.py", line 53, in main\n'}
[0.795663] (my_robot_interfaces) StderrLine: {'line': b'    raise e\n'}
[0.795702] (my_robot_interfaces) StderrLine: {'line': b'  File "/opt/ros/humble/share/ament_cmake_core/cmake/core/package_xml_2_cmake.py", line 49, in main\n'}
[0.795740] (my_robot_interfaces) StderrLine: {'line': b'    package = parse_package_string(\n'}
[0.795779] (my_robot_interfaces) StderrLine: {'line': b'  File "/usr/lib/python3/dist-packages/catkin_pkg/package.py", line 612, in parse_package_string\n'}
[0.795819] (my_robot_interfaces) StderrLine: {'line': b"    raise InvalidPackage('The manifest contains invalid XML:\\n%s' % ex, filename)\n"}
[0.795857] (my_robot_interfaces) StderrLine: {'line': b"catkin_pkg.package.InvalidPackage: Error(s) in package '/home/adi/RosProjects/src/my_robot_interfaces/package.xml':\n"}
[0.795897] (my_robot_interfaces) StderrLine: {'line': b'The manifest contains invalid XML:\n'}
[0.795935] (my_robot_interfaces) StderrLine: {'line': b'mismatched tag: line 12, column 47\n'}
[0.806937] (-) TimerEvent: {}
[0.808475] (my_robot_interfaces) StderrLine: {'line': b'\x1b[31mCMake Error at /opt/ros/humble/share/ament_cmake_core/cmake/core/ament_package_xml.cmake:95 (message):\n'}
[0.808599] (my_robot_interfaces) StderrLine: {'line': b'  execute_process(/usr/bin/python3\n'}
[0.809304] (my_robot_interfaces) StderrLine: {'line': b'  /opt/ros/humble/share/ament_cmake_core/cmake/core/package_xml_2_cmake.py\n'}
[0.809379] (my_robot_interfaces) StderrLine: {'line': b'  /home/adi/RosProjects/src/my_robot_interfaces/package.xml\n'}
[0.809426] (my_robot_interfaces) StderrLine: {'line': b'  /home/adi/RosProjects/build/my_robot_interfaces/ament_cmake_core/package.cmake)\n'}
[0.809469] (my_robot_interfaces) StderrLine: {'line': b'  returned error code 1\n'}
[0.809510] (my_robot_interfaces) StderrLine: {'line': b'Call Stack (most recent call first):\n'}
[0.809552] (my_robot_interfaces) StderrLine: {'line': b'  /opt/ros/humble/share/ament_cmake_core/cmake/core/ament_package_xml.cmake:49 (_ament_package_xml)\n'}
[0.809593] (my_robot_interfaces) StderrLine: {'line': b'  /opt/ros/humble/share/rosidl_cmake/cmake/rosidl_generate_interfaces.cmake:226 (ament_package_xml)\n'}
[0.809633] (my_robot_interfaces) StderrLine: {'line': b'  CMakeLists.txt:11 (rosidl_generate_interfaces)\n'}
[0.809674] (my_robot_interfaces) StderrLine: {'line': b'\n'}
[0.809716] (my_robot_interfaces) StderrLine: {'line': b'\x1b[0m\n'}
[0.809757] (my_robot_interfaces) StdoutLine: {'line': b'-- Configuring incomplete, errors occurred!\n'}
[0.809806] (my_robot_interfaces) StdoutLine: {'line': b'See also "/home/adi/RosProjects/build/my_robot_interfaces/CMakeFiles/CMakeOutput.log".\n'}
[0.814702] (my_robot_interfaces) CommandEnded: {'returncode': 1}
[0.815493] (my_robot_interfaces) JobEnded: {'identifier': 'my_robot_interfaces', 'rc': 1}
[0.827385] (-) EventReactorShutdown: {}
